<html>
<body>
<pre>
<h1>µVision Build Log</h1>
<h2>Project:</h2>
C:\Users\LZD_DeViL0902\Desktop\Keil\Practice\LCDMessageDisplay\LCDmessage.uvproj
Project File Date:  12/25/2020

<h2>Output:</h2>
Build target 'Target 1'
compiling code2.c...
linking...
Program Size: Code=1736 RO-data=236 RW-data=92 ZI-data=612  
".\LCDmessage.axf" - 0 Error(s), 0 Warning(s).
</pre>
</body>
</html>
a=236 RW-data=92 ZI-data=612  
".\LCDmessage.axf" - 0 Error(s), 1 Warning(s).
s, 0 errors
linking...
Program Size: Code=1736 RO-data=236 RW-data=92 ZI-data=612  
".\LCDmessage.axf" - 0 Error(s), 2 Warning(s).
 ZI-data=612  
".\LCDmessage.axf" - 0 Error(s), 2 Warning(s).
