<html>
<body>
<pre>
<h1>µVision Build Log</h1>
<h2>Project:</h2>
C:\Users\LZD_DeViL0902\Desktop\Keil\samplec.uvproj
Project File Date:  12/22/2020

<h2>Output:</h2>
Build target 'Target 1'
linking...
Program Size: Code=1432 RO-data=236 RW-data=4 ZI-data=612  
FromELF: creating hex file...
".\samplec.axf" - 0 Error(s), 0 Warning(s).
</pre>
</body>
</html>

samplec2.c: 2 warnings, 0 errors
linking...
Program Size: Code=1432 RO-data=236 RW-data=4 ZI-data=612  
FromELF: creating hex file...
".\samplec.axf" - 0 Error(s), 2 Warning(s).
;i++);
samplec2.c(19): warning:  #1-D: last line of file ends without a newline
  }
samplec2.c(4): warning:  #177-D: variable "c" was declared but never referenced
  unsigned char c;
samplec2.c: 3 warnings, 3 errors
".\samplec.axf" - 3 Error(s), 3 Warning(s).
Target not created

".\samplec.axf" - 3 Error(s), 3 Warning(s).
Target not created
