<html>
<body>
<pre>
<h1>µVision Build Log</h1>
<h2>Project:</h2>
C:\Users\LZD_DeViL0902\Desktop\Keil\BinaryCounterLED\BinaryLED.uvproj
Project File Date:  12/25/2020

<h2>Output:</h2>
Build target 'Target 1'
compiling binaryLED.c...
binaryLED.c(56): warning:  #1-D: last line of file ends without a newline
  }
binaryLED.c: 1 warning, 0 errors
linking...
Program Size: Code=1680 RO-data=236 RW-data=16 ZI-data=648  
".\BinaryLED.axf" - 0 Error(s), 1 Warning(s).
</pre>
</body>
</html>
LED.axf" - 0 Error(s), 1 Warning(s).
