<html>
<body>
<pre>
<h1>µVision Build Log</h1>
<h2>Project:</h2>
C:\Users\LZD_DeViL0902\Desktop\Keil\UpCounterSirLogic\UpCounter.uvproj
Project File Date:  12/23/2020

<h2>Output:</h2>
Build target 'Target 1'
linking...
Program Size: Code=1688 RO-data=236 RW-data=52 ZI-data=628  
".\UpCounter.axf" - 0 Error(s), 0 Warning(s).
</pre>
</body>
</html>
ze: Code=1688 RO-data=236 RW-data=52 ZI-data=628  
".\UpCounter.axf" - 0 Error(s), 1 Warning(s).
 error messages.
".\UpCounter.axf" - 1 Error(s), 0 Warning(s).
Target not created
