<html>
<body>
<pre>
<h1>µVision Build Log</h1>
<h2>Project:</h2>
C:\Users\LZD_DeViL0902\Desktop\Keil\LCD_Simple\LCDSImple.uvproj
Project File Date:  12/26/2020

<h2>Output:</h2>
Build target 'Target 1'
compiling LCD_Simple.c...
linking...
Program Size: Code=1740 RO-data=236 RW-data=92 ZI-data=612  
".\LCDSImple.axf" - 0 Error(s), 0 Warning(s).
</pre>
</body>
</html>

compiling system_LPC17xx.c...
linking...
Program Size: Code=1740 RO-data=236 RW-data=92 ZI-data=612  
".\LCDSImple.axf" - 0 Error(s), 1 Warning(s).
