<html>
<body>
<pre>
<h1>µVision Build Log</h1>
<h2>Project:</h2>
C:\Users\LZD_DeViL0902\Desktop\Keil\LCDKeyboardPress\LCDKeyPress.uvproj
Project File Date:  12/26/2020

<h2>Output:</h2>
Build target 'Target 1'
compiling LCDPressKey.c...
LCDPressKey.c(113): warning:  #1-D: last line of file ends without a newline
  }
LCDPressKey.c: 1 warning, 0 errors
linking...
Program Size: Code=1932 RO-data=236 RW-data=96 ZI-data=608  
".\LCDKeyPress.axf" - 0 Error(s), 1 Warning(s).
</pre>
</body>
</html>
yPress.axf" - 1 Error(s), 1 Warning(s).
Target not created
DKeyPress.axf" - 1 Error(s), 1 Warning(s).
Target not created
