<html>
<body>
<pre>
<h1>µVision Build Log</h1>
<h2>Project:</h2>
C:\Users\LZD_DeViL0902\Desktop\Keil\Practice\LCD_Calc_Keyboard\Calcualator.uvproj
Project File Date:  12/25/2020

<h2>Output:</h2>
Build target 'Target 1'
linking...
Program Size: Code=7896 RO-data=412 RW-data=128 ZI-data=608  
".\Calcualator.axf" - 0 Error(s), 0 Warning(s).
</pre>
</body>
</html>
r of type "char *restrict"
                        sprintf(str,"%3.2f",(float)key1+(float)key2);
code4.c(46): warning:  #167-D: argument of type "unsigned char *" is incompatible with parameter of type "char *restrict"
                        sprintf(str,"%3.2f",(float)key1-(float)key2);
code4.c(49): warning:  #167-D: argument of type "unsigned char *" is incompatible with parameter of type "char *restrict"
                        sprintf(str,"%3.2f",(float)key1*(float)key2);
code4.c(52): warning:  #167-D: argument of type "unsigned char *" is incompatible with parameter of type "char *restrict"
                        sprintf(str,"%3.2f",(float)key1/(float)key2);
code4.c(162): warning:  #1-D: last line of file ends without a newline
  }
code4.c: 5 warnings, 0 errors
compiling system_LPC17xx.c...
linking...
Program Size: Code=7896 RO-data=412 RW-data=128 ZI-data=608  
".\Calcualator.axf" - 0 Error(s), 5 Warning(s).
